fram.c:98:20:framInit	32	static
fram.c:190:20:framGetDeviceID	40	static
fram.c:245:20:framFactoryReset	64	dynamic
fram.c:339:20:framWriteConfig	80	dynamic
fram.c:434:20:framGetSpecificConfig	80	dynamic
fram.c:508:20:framGetAllConfigs	64	dynamic
fram.c:600:20:framWriteLog	72	dynamic
fram.c:761:20:framGetLastLog	128	dynamic
fram.c:864:20:framGetSpecificLog	128	dynamic
fram.c:977:10:framGetNumLogs	8	static
fram.c:1004:20:framGetLogCurrAddr	16	static
fram.c:1041:20:framGetAllLogsFromEnd	56	static
fram.c:1100:20:framGetAllLogsFromBegin	48	static
fram.c:1139:20:checkSpiStatus	24	static
fram.c:1170:6:assertCS	8	static
fram.c:1177:6:deassertCS	8	static
fram.c:1184:20:updateNumLogs	64	dynamic
fram.c:1271:20:updateLogCurrAddr	64	dynamic
fram.c:1341:20:getNumLogs	112	dynamic
fram.c:1385:20:getLogCurrAddr	112	dynamic
fram.c:1429:20:verifyData	72	dynamic
fram.c:1474:20:resetWriteEnable	24	static
fram.c:1497:20:setWriteEnable	24	static
